{
  "TC-1": {
    "headerText": "Student Student"
  },

  "TC-2": {
    "headerText": "Welcome back!"
  }
}